---
source: core/tests/ppu.rs
expression: "c.ppu().screen_buffer.map(| b |\nb.to_le_bytes()).into_iter().flatten().collect()"
extension: bin
snapshot_kind: binary
---
